2026-09-21 08:09:58.318 INFO  [main] [] c.f.controller.BookingControllerTest - Starting BookingControllerTest using Java 17.0.20.1 with PID 15728 (started by LENOVO in C:\Users\LENOVO\Downloads\fabhotels-backend\fabhotels-backend)
2026-09-21 08:09:58.328 INFO  [main] [] c.f.controller.BookingControllerTest - No active profile set, falling back to 1 default profile: "default"
2026-09-21 08:09:59.242 INFO  [background-preinit] [] o.h.validator.internal.util.Version - HV000001: Hibernate Validator 9.1.3.Final
2026-09-21 08:10:01.956 INFO  [main] [] o.s.b.t.m.w.SpringBootMockServletContext - Initializing Spring TestDispatcherServlet ''
2026-09-21 08:10:01.956 INFO  [main] [] o.s.t.w.s.TestDispatcherServlet - Initializing Servlet ''
2026-09-21 08:10:01.956 INFO  [main] [] o.s.t.w.s.TestDispatcherServlet - Completed initialization in 0 ms
2026-09-21 08:10:02.020 INFO  [main] [] c.f.controller.BookingControllerTest - Started BookingControllerTest in 4.824 seconds (process running for 7.518)
2026-09-21 08:10:02.223 INFO  [main] [7eef4390-75ab-4af8-b500-09498bd8fb33] c.f.config.RequestLoggingFilter - Incoming request: method=GET uri=/api/bookings/20 correlationId=7eef4390-75ab-4af8-b500-09498bd8fb33
2026-09-21 08:10:02.621 INFO  [main] [7eef4390-75ab-4af8-b500-09498bd8fb33] c.f.config.RequestLoggingFilter - Completed request: method=GET uri=/api/bookings/20 status=200 duration=398ms correlationId=7eef4390-75ab-4af8-b500-09498bd8fb33
2026-09-21 08:10:02.763 INFO  [main] [e4323568-1777-4a02-b1bd-63679e32babd] c.f.config.RequestLoggingFilter - Incoming request: method=POST uri=/api/bookings correlationId=e4323568-1777-4a02-b1bd-63679e32babd
2026-09-21 08:10:02.843 INFO  [main] [e4323568-1777-4a02-b1bd-63679e32babd] c.f.config.RequestLoggingFilter - Completed request: method=POST uri=/api/bookings status=201 duration=80ms correlationId=e4323568-1777-4a02-b1bd-63679e32babd
2026-09-21 08:10:02.896 INFO  [main] [] o.s.t.c.s.AnnotationConfigContextLoaderUtils - Could not detect default configuration classes for test class [com.fabhotels.controller.BookingPaymentControllerTest]: BookingPaymentControllerTest does not declare any static, non-private, non-final, nested classes annotated with @Configuration.
2026-09-21 08:10:02.940 INFO  [main] [] o.s.b.t.c.SpringBootTestContextBootstrapper - Found @SpringBootConfiguration com.fabhotels.FabhotelsBackendApplication for test class com.fabhotels.controller.BookingPaymentControllerTest
2026-09-21 08:10:02.940 INFO  [main] [] o.s.t.c.s.AnnotationConfigContextLoaderUtils - Could not detect default configuration classes for test class [com.fabhotels.controller.BookingPaymentControllerTest]: BookingPaymentControllerTest does not declare any static, non-private, non-final, nested classes annotated with @Configuration.
2026-09-21 08:10:02.940 INFO  [main] [] o.s.b.t.c.SpringBootTestContextBootstrapper - Found @SpringBootConfiguration com.fabhotels.FabhotelsBackendApplication for test class com.fabhotels.controller.BookingPaymentControllerTest
2026-09-21 08:10:02.960 INFO  [main] [] o.s.b.d.r.RestartApplicationListener - Restart disabled due to context in which it is running
2026-09-21 08:10:03.005 INFO  [main] [] c.f.c.BookingPaymentControllerTest - Starting BookingPaymentControllerTest using Java 17.0.20.1 with PID 15728 (started by LENOVO in C:\Users\LENOVO\Downloads\fabhotels-backend\fabhotels-backend)
2026-09-21 08:10:03.005 INFO  [main] [] c.f.c.BookingPaymentControllerTest - No active profile set, falling back to 1 default profile: "default"
2026-09-21 08:10:03.504 INFO  [main] [] o.s.b.t.m.w.SpringBootMockServletContext - Initializing Spring TestDispatcherServlet ''
2026-09-21 08:10:03.504 INFO  [main] [] o.s.t.w.s.TestDispatcherServlet - Initializing Servlet ''
2026-09-21 08:10:03.504 INFO  [main] [] o.s.t.w.s.TestDispatcherServlet - Completed initialization in 0 ms
2026-09-21 08:10:03.512 INFO  [main] [] c.f.c.BookingPaymentControllerTest - Started BookingPaymentControllerTest in 0.552 seconds (process running for 9.008)
2026-09-21 08:10:03.534 INFO  [main] [61ea9213-b5c5-44ed-a81a-34796b7d98c9] c.f.config.RequestLoggingFilter - Incoming request: method=GET uri=/api/bookings/10/payment correlationId=61ea9213-b5c5-44ed-a81a-34796b7d98c9
2026-09-21 08:10:03.550 INFO  [main] [61ea9213-b5c5-44ed-a81a-34796b7d98c9] c.f.config.RequestLoggingFilter - Completed request: method=GET uri=/api/bookings/10/payment status=200 duration=16ms correlationId=61ea9213-b5c5-44ed-a81a-34796b7d98c9
2026-09-21 08:10:03.580 INFO  [main] [] o.s.t.c.s.AnnotationConfigContextLoaderUtils - Could not detect default configuration classes for test class [com.fabhotels.controller.CancellationControllerTest]: CancellationControllerTest does not declare any static, non-private, non-final, nested classes annotated with @Configuration.
2026-09-21 08:10:03.612 INFO  [main] [] o.s.b.t.c.SpringBootTestContextBootstrapper - Found @SpringBootConfiguration com.fabhotels.FabhotelsBackendApplication for test class com.fabhotels.controller.CancellationControllerTest
2026-09-21 08:10:03.612 INFO  [main] [] o.s.t.c.s.AnnotationConfigContextLoaderUtils - Could not detect default configuration classes for test class [com.fabhotels.controller.CancellationControllerTest]: CancellationControllerTest does not declare any static, non-private, non-final, nested classes annotated with @Configuration.
2026-09-21 08:10:03.627 INFO  [main] [] o.s.b.t.c.SpringBootTestContextBootstrapper - Found @SpringBootConfiguration com.fabhotels.FabhotelsBackendApplication for test class com.fabhotels.controller.CancellationControllerTest
2026-09-21 08:10:03.638 INFO  [main] [] o.s.b.d.r.RestartApplicationListener - Restart disabled due to context in which it is running
2026-09-21 08:10:03.683 INFO  [main] [] c.f.c.CancellationControllerTest - Starting CancellationControllerTest using Java 17.0.20.1 with PID 15728 (started by LENOVO in C:\Users\LENOVO\Downloads\fabhotels-backend\fabhotels-backend)
2026-09-21 08:10:03.683 INFO  [main] [] c.f.c.CancellationControllerTest - No active profile set, falling back to 1 default profile: "default"
2026-09-21 08:10:04.156 INFO  [main] [] o.s.b.t.m.w.SpringBootMockServletContext - Initializing Spring TestDispatcherServlet ''
2026-09-21 08:10:04.156 INFO  [main] [] o.s.t.w.s.TestDispatcherServlet - Initializing Servlet ''
2026-09-21 08:10:04.156 INFO  [main] [] o.s.t.w.s.TestDispatcherServlet - Completed initialization in 0 ms
2026-09-21 08:10:04.164 INFO  [main] [] c.f.c.CancellationControllerTest - Started CancellationControllerTest in 0.526 seconds (process running for 9.661)
2026-09-21 08:10:04.182 INFO  [main] [7daf020e-28da-415b-8457-024377c99ef6] c.f.config.RequestLoggingFilter - Incoming request: method=POST uri=/api/bookings/101/cancel correlationId=7daf020e-28da-415b-8457-024377c99ef6
2026-09-21 08:10:04.201 INFO  [main] [7daf020e-28da-415b-8457-024377c99ef6] c.f.config.RequestLoggingFilter - Completed request: method=POST uri=/api/bookings/101/cancel status=200 duration=19ms correlationId=7daf020e-28da-415b-8457-024377c99ef6
2026-09-21 08:10:04.231 INFO  [main] [] o.s.t.c.s.AnnotationConfigContextLoaderUtils - Could not detect default configuration classes for test class [com.fabhotels.controller.HotelControllerTest]: HotelControllerTest does not declare any static, non-private, non-final, nested classes annotated with @Configuration.
2026-09-21 08:10:04.238 INFO  [main] [] o.s.b.t.c.SpringBootTestContextBootstrapper - Found @SpringBootConfiguration com.fabhotels.FabhotelsBackendApplication for test class com.fabhotels.controller.HotelControllerTest
2026-09-21 08:10:04.238 INFO  [main] [] o.s.t.c.s.AnnotationConfigContextLoaderUtils - Could not detect default configuration classes for test class [com.fabhotels.controller.HotelControllerTest]: HotelControllerTest does not declare any static, non-private, non-final, nested classes annotated with @Configuration.
2026-09-21 08:10:04.258 INFO  [main] [] o.s.b.t.c.SpringBootTestContextBootstrapper - Found @SpringBootConfiguration com.fabhotels.FabhotelsBackendApplication for test class com.fabhotels.controller.HotelControllerTest
2026-09-21 08:10:04.271 INFO  [main] [] o.s.b.d.r.RestartApplicationListener - Restart disabled due to context in which it is running
2026-09-21 08:10:04.322 INFO  [main] [] c.f.controller.HotelControllerTest - Starting HotelControllerTest using Java 17.0.20.1 with PID 15728 (started by LENOVO in C:\Users\LENOVO\Downloads\fabhotels-backend\fabhotels-backend)
2026-09-21 08:10:04.324 INFO  [main] [] c.f.controller.HotelControllerTest - No active profile set, falling back to 1 default profile: "default"
2026-09-21 08:10:04.709 INFO  [main] [] o.s.b.t.m.w.SpringBootMockServletContext - Initializing Spring TestDispatcherServlet ''
2026-09-21 08:10:04.709 INFO  [main] [] o.s.t.w.s.TestDispatcherServlet - Initializing Servlet ''
2026-09-21 08:10:04.709 INFO  [main] [] o.s.t.w.s.TestDispatcherServlet - Completed initialization in 0 ms
2026-09-21 08:10:04.717 INFO  [main] [] c.f.controller.HotelControllerTest - Started HotelControllerTest in 0.452 seconds (process running for 10.212)
2026-09-21 08:10:04.729 INFO  [main] [7a0c2cc3-e6b1-44f6-8b09-cce6e9e668e8] c.f.config.RequestLoggingFilter - Incoming request: method=GET uri=/api/hotels/1 correlationId=7a0c2cc3-e6b1-44f6-8b09-cce6e9e668e8
2026-09-21 08:10:04.738 INFO  [main] [7a0c2cc3-e6b1-44f6-8b09-cce6e9e668e8] c.f.config.RequestLoggingFilter - Completed request: method=GET uri=/api/hotels/1 status=200 duration=9ms correlationId=7a0c2cc3-e6b1-44f6-8b09-cce6e9e668e8
2026-09-21 08:10:04.769 INFO  [main] [911d71ba-4c06-4215-a6f0-9f0c29d62c99] c.f.config.RequestLoggingFilter - Incoming request: method=POST uri=/api/hotels correlationId=911d71ba-4c06-4215-a6f0-9f0c29d62c99
2026-09-21 08:10:04.969 INFO  [main] [911d71ba-4c06-4215-a6f0-9f0c29d62c99] c.f.config.RequestLoggingFilter - Completed request: method=POST uri=/api/hotels status=400 duration=200ms correlationId=911d71ba-4c06-4215-a6f0-9f0c29d62c99
2026-09-21 08:10:04.992 INFO  [main] [71cc7299-db9f-4f3d-9ae2-4c65cee27b12] c.f.config.RequestLoggingFilter - Incoming request: method=GET uri=/api/hotels/search correlationId=71cc7299-db9f-4f3d-9ae2-4c65cee27b12
2026-09-21 08:10:05.022 INFO  [main] [71cc7299-db9f-4f3d-9ae2-4c65cee27b12] c.f.config.RequestLoggingFilter - Completed request: method=GET uri=/api/hotels/search status=200 duration=30ms correlationId=71cc7299-db9f-4f3d-9ae2-4c65cee27b12
2026-09-21 08:10:05.032 INFO  [main] [8867b389-d665-4799-937c-3825c2bdaccb] c.f.config.RequestLoggingFilter - Incoming request: method=POST uri=/api/hotels correlationId=8867b389-d665-4799-937c-3825c2bdaccb
2026-09-21 08:10:05.032 INFO  [main] [8867b389-d665-4799-937c-3825c2bdaccb] c.f.config.RequestLoggingFilter - Completed request: method=POST uri=/api/hotels status=201 duration=0ms correlationId=8867b389-d665-4799-937c-3825c2bdaccb
2026-09-21 08:10:05.056 INFO  [main] [28afcc03-0414-483c-8ea1-7a91fe146444] c.f.config.RequestLoggingFilter - Incoming request: method=GET uri=/api/hotels correlationId=28afcc03-0414-483c-8ea1-7a91fe146444
2026-09-21 08:10:05.068 INFO  [main] [28afcc03-0414-483c-8ea1-7a91fe146444] c.f.config.RequestLoggingFilter - Completed request: method=GET uri=/api/hotels status=200 duration=12ms correlationId=28afcc03-0414-483c-8ea1-7a91fe146444
2026-09-21 08:10:05.086 INFO  [main] [] o.s.t.c.s.AnnotationConfigContextLoaderUtils - Could not detect default configuration classes for test class [com.fabhotels.controller.PaymentControllerTest]: PaymentControllerTest does not declare any static, non-private, non-final, nested classes annotated with @Configuration.
2026-09-21 08:10:05.108 INFO  [main] [] o.s.b.t.c.SpringBootTestContextBootstrapper - Found @SpringBootConfiguration com.fabhotels.FabhotelsBackendApplication for test class com.fabhotels.controller.PaymentControllerTest
2026-09-21 08:10:05.108 INFO  [main] [] o.s.t.c.s.AnnotationConfigContextLoaderUtils - Could not detect default configuration classes for test class [com.fabhotels.controller.PaymentControllerTest]: PaymentControllerTest does not declare any static, non-private, non-final, nested classes annotated with @Configuration.
2026-09-21 08:10:05.123 INFO  [main] [] o.s.b.t.c.SpringBootTestContextBootstrapper - Found @SpringBootConfiguration com.fabhotels.FabhotelsBackendApplication for test class com.fabhotels.controller.PaymentControllerTest
2026-09-21 08:10:05.136 INFO  [main] [] o.s.b.d.r.RestartApplicationListener - Restart disabled due to context in which it is running
2026-09-21 08:10:05.189 INFO  [main] [] c.f.controller.PaymentControllerTest - Starting PaymentControllerTest using Java 17.0.20.1 with PID 15728 (started by LENOVO in C:\Users\LENOVO\Downloads\fabhotels-backend\fabhotels-backend)
2026-09-21 08:10:05.189 INFO  [main] [] c.f.controller.PaymentControllerTest - No active profile set, falling back to 1 default profile: "default"
2026-09-21 08:10:05.480 INFO  [main] [] o.s.b.t.m.w.SpringBootMockServletContext - Initializing Spring TestDispatcherServlet ''
2026-09-21 08:10:05.480 INFO  [main] [] o.s.t.w.s.TestDispatcherServlet - Initializing Servlet ''
2026-09-21 08:10:05.480 INFO  [main] [] o.s.t.w.s.TestDispatcherServlet - Completed initialization in 0 ms
2026-09-21 08:10:05.493 INFO  [main] [] c.f.controller.PaymentControllerTest - Started PaymentControllerTest in 0.36 seconds (process running for 10.987)
2026-09-21 08:10:05.504 INFO  [main] [86689cbc-0bd2-4985-8561-488aa32228f3] c.f.config.RequestLoggingFilter - Incoming request: method=GET uri=/api/payments/1 correlationId=86689cbc-0bd2-4985-8561-488aa32228f3
2026-09-21 08:10:05.512 INFO  [main] [86689cbc-0bd2-4985-8561-488aa32228f3] c.f.config.RequestLoggingFilter - Completed request: method=GET uri=/api/payments/1 status=200 duration=8ms correlationId=86689cbc-0bd2-4985-8561-488aa32228f3
2026-09-21 08:10:05.521 INFO  [main] [0afce22d-4b0c-4d64-b102-7d759b1b324b] c.f.config.RequestLoggingFilter - Incoming request: method=POST uri=/api/payments correlationId=0afce22d-4b0c-4d64-b102-7d759b1b324b
2026-09-21 08:10:05.542 INFO  [main] [0afce22d-4b0c-4d64-b102-7d759b1b324b] c.f.config.RequestLoggingFilter - Completed request: method=POST uri=/api/payments status=201 duration=21ms correlationId=0afce22d-4b0c-4d64-b102-7d759b1b324b
2026-09-21 08:10:05.557 INFO  [main] [] o.s.t.c.s.AnnotationConfigContextLoaderUtils - Could not detect default configuration classes for test class [com.fabhotels.controller.PricingControllerTest]: PricingControllerTest does not declare any static, non-private, non-final, nested classes annotated with @Configuration.
2026-09-21 08:10:05.565 INFO  [main] [] o.s.b.t.c.SpringBootTestContextBootstrapper - Found @SpringBootConfiguration com.fabhotels.FabhotelsBackendApplication for test class com.fabhotels.controller.PricingControllerTest
2026-09-21 08:10:05.566 INFO  [main] [] o.s.t.c.s.AnnotationConfigContextLoaderUtils - Could not detect default configuration classes for test class [com.fabhotels.controller.PricingControllerTest]: PricingControllerTest does not declare any static, non-private, non-final, nested classes annotated with @Configuration.
2026-09-21 08:10:05.582 INFO  [main] [] o.s.b.t.c.SpringBootTestContextBootstrapper - Found @SpringBootConfiguration com.fabhotels.FabhotelsBackendApplication for test class com.fabhotels.controller.PricingControllerTest
2026-09-21 08:10:05.589 INFO  [main] [] o.s.b.d.r.RestartApplicationListener - Restart disabled due to context in which it is running
2026-09-21 08:10:05.631 INFO  [main] [] c.f.controller.PricingControllerTest - Starting PricingControllerTest using Java 17.0.20.1 with PID 15728 (started by LENOVO in C:\Users\LENOVO\Downloads\fabhotels-backend\fabhotels-backend)
2026-09-21 08:10:05.631 INFO  [main] [] c.f.controller.PricingControllerTest - No active profile set, falling back to 1 default profile: "default"
2026-09-21 08:10:05.965 INFO  [main] [] o.s.b.t.m.w.SpringBootMockServletContext - Initializing Spring TestDispatcherServlet ''
2026-09-21 08:10:05.965 INFO  [main] [] o.s.t.w.s.TestDispatcherServlet - Initializing Servlet ''
2026-09-21 08:10:05.965 INFO  [main] [] o.s.t.w.s.TestDispatcherServlet - Completed initialization in 0 ms
2026-09-21 08:10:05.973 INFO  [main] [] c.f.controller.PricingControllerTest - Started PricingControllerTest in 0.384 seconds (process running for 11.468)
2026-09-21 08:10:05.980 INFO  [main] [0f212c18-796a-4231-9965-165485be511c] c.f.config.RequestLoggingFilter - Incoming request: method=GET uri=/api/rooms/10/pricing correlationId=0f212c18-796a-4231-9965-165485be511c
2026-09-21 08:10:05.993 INFO  [main] [0f212c18-796a-4231-9965-165485be511c] c.f.config.RequestLoggingFilter - Completed request: method=GET uri=/api/rooms/10/pricing status=200 duration=13ms correlationId=0f212c18-796a-4231-9965-165485be511c
2026-09-21 08:10:06.036 INFO  [main] [560af901-6266-4c48-aee6-fa5cffe13fdc] c.f.config.RequestLoggingFilter - Incoming request: method=GET uri=/api/rooms/10/pricing/check correlationId=560af901-6266-4c48-aee6-fa5cffe13fdc
2026-09-21 08:10:06.047 INFO  [main] [560af901-6266-4c48-aee6-fa5cffe13fdc] c.f.config.RequestLoggingFilter - Completed request: method=GET uri=/api/rooms/10/pricing/check status=200 duration=11ms correlationId=560af901-6266-4c48-aee6-fa5cffe13fdc
2026-09-21 08:10:06.054 INFO  [main] [227f5afd-823c-4822-8491-351d7489ec22] c.f.config.RequestLoggingFilter - Incoming request: method=POST uri=/api/rooms/10/pricing correlationId=227f5afd-823c-4822-8491-351d7489ec22
2026-09-21 08:10:06.054 INFO  [main] [227f5afd-823c-4822-8491-351d7489ec22] c.f.config.RequestLoggingFilter - Completed request: method=POST uri=/api/rooms/10/pricing status=201 duration=0ms correlationId=227f5afd-823c-4822-8491-351d7489ec22
2026-09-21 08:10:06.088 INFO  [main] [] o.s.t.c.s.AnnotationConfigContextLoaderUtils - Could not detect default configuration classes for test class [com.fabhotels.controller.RoomAvailabilityControllerTest]: RoomAvailabilityControllerTest does not declare any static, non-private, non-final, nested classes annotated with @Configuration.
2026-09-21 08:10:06.104 INFO  [main] [] o.s.b.t.c.SpringBootTestContextBootstrapper - Found @SpringBootConfiguration com.fabhotels.FabhotelsBackendApplication for test class com.fabhotels.controller.RoomAvailabilityControllerTest
2026-09-21 08:10:06.106 INFO  [main] [] o.s.t.c.s.AnnotationConfigContextLoaderUtils - Could not detect default configuration classes for test class [com.fabhotels.controller.RoomAvailabilityControllerTest]: RoomAvailabilityControllerTest does not declare any static, non-private, non-final, nested classes annotated with @Configuration.
2026-09-21 08:10:06.114 INFO  [main] [] o.s.b.t.c.SpringBootTestContextBootstrapper - Found @SpringBootConfiguration com.fabhotels.FabhotelsBackendApplication for test class com.fabhotels.controller.RoomAvailabilityControllerTest
2026-09-21 08:10:06.118 INFO  [main] [] o.s.b.d.r.RestartApplicationListener - Restart disabled due to context in which it is running
2026-09-21 08:10:06.160 INFO  [main] [] c.f.c.RoomAvailabilityControllerTest - Starting RoomAvailabilityControllerTest using Java 17.0.20.1 with PID 15728 (started by LENOVO in C:\Users\LENOVO\Downloads\fabhotels-backend\fabhotels-backend)
2026-09-21 08:10:06.160 INFO  [main] [] c.f.c.RoomAvailabilityControllerTest - No active profile set, falling back to 1 default profile: "default"
2026-09-21 08:10:06.455 INFO  [main] [] o.s.b.t.m.w.SpringBootMockServletContext - Initializing Spring TestDispatcherServlet ''
2026-09-21 08:10:06.455 INFO  [main] [] o.s.t.w.s.TestDispatcherServlet - Initializing Servlet ''
2026-09-21 08:10:06.455 INFO  [main] [] o.s.t.w.s.TestDispatcherServlet - Completed initialization in 0 ms
2026-09-21 08:10:06.467 INFO  [main] [] c.f.c.RoomAvailabilityControllerTest - Started RoomAvailabilityControllerTest in 0.349 seconds (process running for 11.958)
2026-09-21 08:10:06.476 INFO  [main] [6fed371c-2490-47c0-93fc-a5809ebfd065] c.f.config.RequestLoggingFilter - Incoming request: method=GET uri=/api/rooms/10/availability/check correlationId=6fed371c-2490-47c0-93fc-a5809ebfd065
2026-09-21 08:10:06.486 INFO  [main] [6fed371c-2490-47c0-93fc-a5809ebfd065] c.f.config.RequestLoggingFilter - Completed request: method=GET uri=/api/rooms/10/availability/check status=200 duration=10ms correlationId=6fed371c-2490-47c0-93fc-a5809ebfd065
2026-09-21 08:10:06.497 INFO  [main] [c808e9bc-c39a-4e84-9516-ce083679fa7c] c.f.config.RequestLoggingFilter - Incoming request: method=GET uri=/api/rooms/10/availability/range correlationId=c808e9bc-c39a-4e84-9516-ce083679fa7c
2026-09-21 08:10:06.507 INFO  [main] [c808e9bc-c39a-4e84-9516-ce083679fa7c] c.f.config.RequestLoggingFilter - Completed request: method=GET uri=/api/rooms/10/availability/range status=200 duration=10ms correlationId=c808e9bc-c39a-4e84-9516-ce083679fa7c
2026-09-21 08:10:06.525 INFO  [main] [181cae6c-a35f-4b0d-93ed-4978cef2c965] c.f.config.RequestLoggingFilter - Incoming request: method=POST uri=/api/rooms/10/availability correlationId=181cae6c-a35f-4b0d-93ed-4978cef2c965
2026-09-21 08:10:06.530 INFO  [main] [181cae6c-a35f-4b0d-93ed-4978cef2c965] c.f.config.RequestLoggingFilter - Completed request: method=POST uri=/api/rooms/10/availability status=201 duration=5ms correlationId=181cae6c-a35f-4b0d-93ed-4978cef2c965
2026-09-21 08:10:06.544 INFO  [main] [bd5d1d8e-1287-49b1-8188-4bfb4ab9616b] c.f.config.RequestLoggingFilter - Incoming request: method=POST uri=/api/rooms/10/availability correlationId=bd5d1d8e-1287-49b1-8188-4bfb4ab9616b
2026-09-21 08:10:06.554 INFO  [main] [bd5d1d8e-1287-49b1-8188-4bfb4ab9616b] c.f.config.RequestLoggingFilter - Completed request: method=POST uri=/api/rooms/10/availability status=400 duration=10ms correlationId=bd5d1d8e-1287-49b1-8188-4bfb4ab9616b
2026-09-21 08:10:06.568 INFO  [main] [bcdf3274-039b-4363-90dd-d9303a2c65af] c.f.config.RequestLoggingFilter - Incoming request: method=GET uri=/api/rooms/10/availability correlationId=bcdf3274-039b-4363-90dd-d9303a2c65af
2026-09-21 08:10:06.571 INFO  [main] [bcdf3274-039b-4363-90dd-d9303a2c65af] c.f.config.RequestLoggingFilter - Completed request: method=GET uri=/api/rooms/10/availability status=200 duration=3ms correlationId=bcdf3274-039b-4363-90dd-d9303a2c65af
2026-09-21 08:10:06.597 INFO  [main] [] o.s.t.c.s.AnnotationConfigContextLoaderUtils - Could not detect default configuration classes for test class [com.fabhotels.controller.RoomControllerTest]: RoomControllerTest does not declare any static, non-private, non-final, nested classes annotated with @Configuration.
2026-09-21 08:10:06.614 INFO  [main] [] o.s.b.t.c.SpringBootTestContextBootstrapper - Found @SpringBootConfiguration com.fabhotels.FabhotelsBackendApplication for test class com.fabhotels.controller.RoomControllerTest
2026-09-21 08:10:06.614 INFO  [main] [] o.s.t.c.s.AnnotationConfigContextLoaderUtils - Could not detect default configuration classes for test class [com.fabhotels.controller.RoomControllerTest]: RoomControllerTest does not declare any static, non-private, non-final, nested classes annotated with @Configuration.
2026-09-21 08:10:06.627 INFO  [main] [] o.s.b.t.c.SpringBootTestContextBootstrapper - Found @SpringBootConfiguration com.fabhotels.FabhotelsBackendApplication for test class com.fabhotels.controller.RoomControllerTest
2026-09-21 08:10:06.629 INFO  [main] [] o.s.b.d.r.RestartApplicationListener - Restart disabled due to context in which it is running
2026-09-21 08:10:06.674 INFO  [main] [] c.f.controller.RoomControllerTest - Starting RoomControllerTest using Java 17.0.20.1 with PID 15728 (started by LENOVO in C:\Users\LENOVO\Downloads\fabhotels-backend\fabhotels-backend)
2026-09-21 08:10:06.680 INFO  [main] [] c.f.controller.RoomControllerTest - No active profile set, falling back to 1 default profile: "default"
2026-09-21 08:10:06.980 INFO  [main] [] o.s.b.t.m.w.SpringBootMockServletContext - Initializing Spring TestDispatcherServlet ''
2026-09-21 08:10:06.980 INFO  [main] [] o.s.t.w.s.TestDispatcherServlet - Initializing Servlet ''
2026-09-21 08:10:06.980 INFO  [main] [] o.s.t.w.s.TestDispatcherServlet - Completed initialization in 0 ms
2026-09-21 08:10:06.989 INFO  [main] [] c.f.controller.RoomControllerTest - Started RoomControllerTest in 0.36 seconds (process running for 12.481)
2026-09-21 08:10:06.997 INFO  [main] [46f2fdbf-921e-43f9-b2eb-c6a7f693200c] c.f.config.RequestLoggingFilter - Incoming request: method=GET uri=/api/10/bookings correlationId=46f2fdbf-921e-43f9-b2eb-c6a7f693200c
2026-09-21 08:10:07.003 INFO  [main] [46f2fdbf-921e-43f9-b2eb-c6a7f693200c] c.f.config.RequestLoggingFilter - Completed request: method=GET uri=/api/10/bookings status=200 duration=6ms correlationId=46f2fdbf-921e-43f9-b2eb-c6a7f693200c
2026-09-21 08:10:07.019 INFO  [main] [d6ca41e2-6443-402f-a11f-d4d370068a27] c.f.config.RequestLoggingFilter - Incoming request: method=GET uri=/api/rooms/10 correlationId=d6ca41e2-6443-402f-a11f-d4d370068a27
2026-09-21 08:10:07.030 INFO  [main] [d6ca41e2-6443-402f-a11f-d4d370068a27] c.f.config.RequestLoggingFilter - Completed request: method=GET uri=/api/rooms/10 status=200 duration=11ms correlationId=d6ca41e2-6443-402f-a11f-d4d370068a27
2026-09-21 08:10:07.035 INFO  [main] [31353021-39fd-449f-af8c-5a03384fd69f] c.f.config.RequestLoggingFilter - Incoming request: method=GET uri=/api/hotels/1/rooms correlationId=31353021-39fd-449f-af8c-5a03384fd69f
2026-09-21 08:10:07.041 INFO  [main] [31353021-39fd-449f-af8c-5a03384fd69f] c.f.config.RequestLoggingFilter - Completed request: method=GET uri=/api/hotels/1/rooms status=200 duration=6ms correlationId=31353021-39fd-449f-af8c-5a03384fd69f
2026-09-21 08:10:07.058 INFO  [main] [25dce61b-dcc4-467d-8499-e4ad6cc3fcb9] c.f.config.RequestLoggingFilter - Incoming request: method=POST uri=/api/hotels/1/rooms correlationId=25dce61b-dcc4-467d-8499-e4ad6cc3fcb9
2026-09-21 08:10:07.072 INFO  [main] [25dce61b-dcc4-467d-8499-e4ad6cc3fcb9] c.f.config.RequestLoggingFilter - Completed request: method=POST uri=/api/hotels/1/rooms status=201 duration=14ms correlationId=25dce61b-dcc4-467d-8499-e4ad6cc3fcb9
2026-09-21 08:10:07.086 INFO  [main] [0a705c9e-b2dd-4f11-8dba-3280b4503111] c.f.config.RequestLoggingFilter - Incoming request: method=POST uri=/api/hotels/1/rooms correlationId=0a705c9e-b2dd-4f11-8dba-3280b4503111
2026-09-21 08:10:07.086 INFO  [main] [0a705c9e-b2dd-4f11-8dba-3280b4503111] c.f.config.RequestLoggingFilter - Completed request: method=POST uri=/api/hotels/1/rooms status=400 duration=0ms correlationId=0a705c9e-b2dd-4f11-8dba-3280b4503111
2026-09-21 08:10:07.106 WARN  [main] [] c.f.exception.GlobalExceptionHandler - Request failed: status=400 correlationId=null path=/api/payments message=Payment amount must be greater than 0
2026-09-21 08:10:07.123 WARN  [main] [] c.f.exception.GlobalExceptionHandler - Request failed: status=409 correlationId=null path=/api/payments message=Payment already exists for booking id: 101
2026-09-21 08:10:07.125 WARN  [main] [] c.f.exception.GlobalExceptionHandler - Request failed: status=404 correlationId=null path=/api/bookings/101 message=Booking not found with id: 101
2026-09-21 08:10:07.132 INFO  [main] [] o.s.t.c.s.AnnotationConfigContextLoaderUtils - Could not detect default configuration classes for test class [com.fabhotels.FabhotelsBackendApplicationTests]: FabhotelsBackendApplicationTests does not declare any static, non-private, non-final, nested classes annotated with @Configuration.
2026-09-21 08:10:07.147 INFO  [main] [] o.s.b.t.c.SpringBootTestContextBootstrapper - Found @SpringBootConfiguration com.fabhotels.FabhotelsBackendApplication for test class com.fabhotels.FabhotelsBackendApplicationTests
2026-09-21 08:10:07.151 INFO  [main] [] o.s.t.c.s.AnnotationConfigContextLoaderUtils - Could not detect default configuration classes for test class [com.fabhotels.FabhotelsBackendApplicationTests]: FabhotelsBackendApplicationTests does not declare any static, non-private, non-final, nested classes annotated with @Configuration.
2026-09-21 08:10:07.155 INFO  [main] [] o.s.b.t.c.SpringBootTestContextBootstrapper - Found @SpringBootConfiguration com.fabhotels.FabhotelsBackendApplication for test class com.fabhotels.FabhotelsBackendApplicationTests
2026-09-21 08:10:07.155 INFO  [main] [] o.s.b.d.r.RestartApplicationListener - Restart disabled due to context in which it is running
2026-09-21 08:10:16.905 INFO  [main] [] c.f.repository.BookingRepositoryTest - Starting BookingRepositoryTest using Java 17.0.20.1 with PID 15728 (started by LENOVO in C:\Users\LENOVO\Downloads\fabhotels-backend\fabhotels-backend)
2026-09-21 08:10:16.905 INFO  [main] [] c.f.repository.BookingRepositoryTest - No active profile set, falling back to 1 default profile: "default"
2026-09-21 08:10:17.037 INFO  [main] [] o.s.d.r.c.RepositoryConfigurationDelegate - Bootstrapping Spring Data JPA repositories in DEFAULT mode.
2026-09-21 08:10:17.080 INFO  [main] [] o.s.d.r.c.RepositoryConfigurationDelegate - Finished Spring Data repository scanning in 38 ms. Found 7 JPA repository interfaces.
2026-09-21 08:10:17.107 INFO  [main] [] o.s.b.j.t.a.TestDatabaseAutoConfiguration$EmbeddedDataSourceBeanFactoryPostProcessor - Replacing 'dataSource' DataSource bean with embedded version
2026-09-21 08:10:17.145 INFO  [main] [] o.s.j.d.e.EmbeddedDatabaseFactory - Starting embedded database: url='jdbc:h2:mem:aa4db46f-aeae-47ea-8713-c8a2937471a8;DB_CLOSE_DELAY=-1;DB_CLOSE_ON_EXIT=false', username='sa'
2026-09-21 08:10:17.178 INFO  [main] [] org.hibernate.orm.jpa - HHH008540: Processing PersistenceUnitInfo [name: default]
2026-09-21 08:10:17.212 INFO  [main] [] o.s.o.j.p.SpringPersistenceUnitInfo - No LoadTimeWeaver setup: ignoring JPA class transformer
2026-09-21 08:10:17.291 INFO  [main] [] o.hibernate.orm.connections.pooling - HHH10001005: Database info:
	Database JDBC URL [jdbc:h2:mem:aa4db46f-aeae-47ea-8713-c8a2937471a8]
	Database driver: H2 JDBC Driver
	Database dialect: H2Dialect
	Database version: 2.4.240
	Default catalog/schema: AA4DB46F-AEAE-47EA-8713-C8A2937471A8/PUBLIC
	Autocommit mode: undefined/unknown
	Isolation level: READ_COMMITTED [default READ_COMMITTED]
	JDBC fetch size: 100
	Pool: DataSourceConnectionProvider
	Minimum pool size: undefined/unknown
	Maximum pool size: undefined/unknown
2026-09-21 08:10:17.452 INFO  [main] [] org.hibernate.orm.core - HHH000489: No JTA platform available (set 'hibernate.transaction.jta.platform' to enable JTA platform integration)
2026-09-21 08:10:17.518 INFO  [main] [] o.s.o.j.LocalContainerEntityManagerFactoryBean - Initialized JPA EntityManagerFactory for persistence unit 'default'
2026-09-21 08:10:17.681 INFO  [main] [] c.f.repository.BookingRepositoryTest - Started BookingRepositoryTest in 0.803 seconds (process running for 23.171)
2026-09-21 08:10:17.929 INFO  [main] [] o.s.t.c.s.AnnotationConfigContextLoaderUtils - Could not detect default configuration classes for test class [com.fabhotels.repository.HotelRepositoryTest]: HotelRepositoryTest does not declare any static, non-private, non-final, nested classes annotated with @Configuration.
2026-09-21 08:10:17.955 INFO  [main] [] o.s.b.t.c.SpringBootTestContextBootstrapper - Found @SpringBootConfiguration com.fabhotels.FabhotelsBackendApplication for test class com.fabhotels.repository.HotelRepositoryTest
2026-09-21 08:10:17.957 INFO  [main] [] o.s.t.c.s.AnnotationConfigContextLoaderUtils - Could not detect default configuration classes for test class [com.fabhotels.repository.HotelRepositoryTest]: HotelRepositoryTest does not declare any static, non-private, non-final, nested classes annotated with @Configuration.
2026-09-21 08:10:17.993 INFO  [main] [] o.s.b.t.c.SpringBootTestContextBootstrapper - Found @SpringBootConfiguration com.fabhotels.FabhotelsBackendApplication for test class com.fabhotels.repository.HotelRepositoryTest
2026-09-21 08:10:18.214 INFO  [main] [] o.s.t.c.s.AnnotationConfigContextLoaderUtils - Could not detect default configuration classes for test class [com.fabhotels.repository.PricingRepositoryTest]: PricingRepositoryTest does not declare any static, non-private, non-final, nested classes annotated with @Configuration.
2026-09-21 08:10:18.230 INFO  [main] [] o.s.b.t.c.SpringBootTestContextBootstrapper - Found @SpringBootConfiguration com.fabhotels.FabhotelsBackendApplication for test class com.fabhotels.repository.PricingRepositoryTest
2026-09-21 08:10:18.230 INFO  [main] [] o.s.t.c.s.AnnotationConfigContextLoaderUtils - Could not detect default configuration classes for test class [com.fabhotels.repository.PricingRepositoryTest]: PricingRepositoryTest does not declare any static, non-private, non-final, nested classes annotated with @Configuration.
2026-09-21 08:10:18.246 INFO  [main] [] o.s.b.t.c.SpringBootTestContextBootstrapper - Found @SpringBootConfiguration com.fabhotels.FabhotelsBackendApplication for test class com.fabhotels.repository.PricingRepositoryTest
2026-09-21 08:10:18.420 INFO  [main] [] o.s.t.c.s.AnnotationConfigContextLoaderUtils - Could not detect default configuration classes for test class [com.fabhotels.repository.RoomAvailabilityRepositoryTest]: RoomAvailabilityRepositoryTest does not declare any static, non-private, non-final, nested classes annotated with @Configuration.
2026-09-21 08:10:18.449 INFO  [main] [] o.s.b.t.c.SpringBootTestContextBootstrapper - Found @SpringBootConfiguration com.fabhotels.FabhotelsBackendApplication for test class com.fabhotels.repository.RoomAvailabilityRepositoryTest
2026-09-21 08:10:18.449 INFO  [main] [] o.s.t.c.s.AnnotationConfigContextLoaderUtils - Could not detect default configuration classes for test class [com.fabhotels.repository.RoomAvailabilityRepositoryTest]: RoomAvailabilityRepositoryTest does not declare any static, non-private, non-final, nested classes annotated with @Configuration.
2026-09-21 08:10:18.468 INFO  [main] [] o.s.b.t.c.SpringBootTestContextBootstrapper - Found @SpringBootConfiguration com.fabhotels.FabhotelsBackendApplication for test class com.fabhotels.repository.RoomAvailabilityRepositoryTest
2026-09-21 08:10:19.276 INFO  [main] [] c.f.service.impl.BookingServiceImpl - Creating booking: roomId=10, checkIn=2035-01-10, checkOut=2035-01-13, guests=2
2026-09-21 08:10:19.297 INFO  [main] [] c.f.service.impl.BookingServiceImpl - Creating booking: roomId=10, checkIn=2035-01-10, checkOut=2035-01-13, guests=2
2026-09-21 08:10:19.299 INFO  [main] [] c.f.service.impl.BookingServiceImpl - Booking created successfully: bookingId=102, roomId=10, totalAmount=6000.00
2026-09-21 08:10:19.303 INFO  [main] [] c.f.service.impl.BookingServiceImpl - Creating booking: roomId=10, checkIn=2035-01-10, checkOut=2035-01-13, guests=2
2026-09-21 08:10:19.303 INFO  [main] [] c.f.service.impl.BookingServiceImpl - Booking created successfully: bookingId=101, roomId=10, totalAmount=6000.00
2026-09-21 08:10:19.313 INFO  [main] [] c.f.service.impl.BookingServiceImpl - Creating booking: roomId=10, checkIn=2035-01-10, checkOut=2035-01-13, guests=2
2026-09-21 08:10:19.313 INFO  [main] [] c.f.service.impl.BookingServiceImpl - Booking created successfully: bookingId=103, roomId=10, totalAmount=6000.00
2026-09-21 08:10:19.317 INFO  [main] [] c.f.service.impl.BookingServiceImpl - Creating booking: roomId=10, checkIn=2035-01-10, checkOut=2035-01-13, guests=2
2026-09-21 08:10:19.329 INFO  [main] [] c.f.service.impl.BookingServiceImpl - Creating booking: roomId=10, checkIn=2035-01-10, checkOut=2035-01-13, guests=2
2026-09-21 08:10:19.341 INFO  [main] [] c.f.service.impl.BookingServiceImpl - Creating booking: roomId=10, checkIn=2035-01-10, checkOut=2035-01-13, guests=2
2026-09-21 08:10:19.350 INFO  [main] [] c.f.service.impl.BookingServiceImpl - Creating booking: roomId=10, checkIn=2035-01-10, checkOut=2035-01-13, guests=2
2026-09-21 08:10:19.501 INFO  [main] [] c.f.s.impl.CancellationServiceImpl - Processing booking cancellation: bookingId=101
2026-09-21 08:10:19.503 INFO  [main] [] c.f.s.impl.CancellationServiceImpl - Booking cancelled successfully: bookingId=101, refundAmount=0
2026-09-21 08:10:19.508 INFO  [main] [] c.f.s.impl.CancellationServiceImpl - Processing booking cancellation: bookingId=101
2026-09-21 08:10:19.508 INFO  [main] [] c.f.s.impl.CancellationServiceImpl - Processing booking cancellation: bookingId=101
2026-09-21 08:10:19.524 INFO  [main] [] c.f.s.impl.CancellationServiceImpl - Processing booking cancellation: bookingId=101
2026-09-21 08:10:19.532 INFO  [main] [] c.f.s.impl.CancellationServiceImpl - Processing booking cancellation: bookingId=101
2026-09-21 08:10:19.543 INFO  [main] [] c.f.s.impl.CancellationServiceImpl - Processing booking cancellation: bookingId=101
2026-09-21 08:10:19.543 INFO  [main] [] c.f.s.impl.CancellationServiceImpl - Booking cancelled successfully: bookingId=101, refundAmount=0
2026-09-21 08:10:19.553 INFO  [main] [] c.f.s.impl.CancellationServiceImpl - Processing booking cancellation: bookingId=101
2026-09-21 08:10:19.553 INFO  [main] [] c.f.s.impl.CancellationServiceImpl - Booking cancelled successfully: bookingId=101, refundAmount=6000.00
2026-09-21 08:10:19.559 INFO  [main] [] c.f.s.impl.CancellationServiceImpl - Processing booking cancellation: bookingId=101
2026-09-21 08:10:19.561 INFO  [main] [] c.f.s.impl.CancellationServiceImpl - Booking cancelled successfully: bookingId=101, refundAmount=3000.0000
2026-09-21 08:10:19.569 INFO  [main] [] c.f.s.impl.CancellationServiceImpl - Processing booking cancellation: bookingId=101
2026-09-21 08:10:19.576 INFO  [main] [] c.f.s.impl.CancellationServiceImpl - Processing booking cancellation: bookingId=101
2026-09-21 08:10:19.576 INFO  [main] [] c.f.s.impl.CancellationServiceImpl - Booking cancelled successfully: bookingId=101, refundAmount=0
2026-09-21 08:10:19.582 INFO  [main] [] c.f.s.impl.CancellationServiceImpl - Processing booking cancellation: bookingId=101
2026-09-21 08:10:19.586 INFO  [main] [] c.f.s.impl.CancellationServiceImpl - Booking cancelled successfully: bookingId=101, refundAmount=0
2026-09-21 08:10:19.836 INFO  [main] [] c.f.service.impl.PaymentServiceImpl - Processing payment: bookingId=101, paymentMethod=UPI, amount=6000.00
2026-09-21 08:10:19.836 INFO  [main] [] c.f.service.impl.PaymentServiceImpl - Payment successful: paymentId=501, bookingId=101, amount=6000.00, method=UPI
2026-09-21 08:10:19.839 INFO  [main] [] c.f.service.impl.PaymentServiceImpl - Processing payment: bookingId=101, paymentMethod=UPI, amount=6000.00
2026-09-21 08:10:19.867 INFO  [main] [] c.f.service.impl.PaymentServiceImpl - Processing payment: bookingId=101, paymentMethod=UPI, amount=5000.00
2026-09-21 08:10:19.877 INFO  [main] [] c.f.service.impl.PaymentServiceImpl - Processing payment: bookingId=101, paymentMethod=UPI, amount=6000.00
2026-09-21 08:10:19.883 INFO  [main] [] c.f.service.impl.PaymentServiceImpl - Processing payment: bookingId=101, paymentMethod=UPI, amount=6000.00
2026-09-21 08:10:20.067 INFO  [main] [] o.s.t.c.s.AnnotationConfigContextLoaderUtils - Could not detect default configuration classes for test class [com.fabhotels.SwaggerOpenApiTest]: SwaggerOpenApiTest does not declare any static, non-private, non-final, nested classes annotated with @Configuration.
2026-09-21 08:10:20.069 INFO  [main] [] o.s.b.t.c.SpringBootTestContextBootstrapper - Found @SpringBootConfiguration com.fabhotels.FabhotelsBackendApplication for test class com.fabhotels.SwaggerOpenApiTest
2026-09-21 08:10:20.074 INFO  [main] [] o.s.t.c.s.AnnotationConfigContextLoaderUtils - Could not detect default configuration classes for test class [com.fabhotels.SwaggerOpenApiTest]: SwaggerOpenApiTest does not declare any static, non-private, non-final, nested classes annotated with @Configuration.
2026-09-21 08:10:20.092 INFO  [main] [] o.s.b.t.c.SpringBootTestContextBootstrapper - Found @SpringBootConfiguration com.fabhotels.FabhotelsBackendApplication for test class com.fabhotels.SwaggerOpenApiTest
2026-09-21 08:10:20.102 INFO  [main] [] o.s.b.d.r.RestartApplicationListener - Restart disabled due to context in which it is running
2026-09-21 08:10:58.769 INFO  [main] [] c.f.controller.BookingControllerTest - Starting BookingControllerTest using Java 17.0.20.1 with PID 12372 (started by LENOVO in C:\Users\LENOVO\Downloads\fabhotels-backend\fabhotels-backend)
2026-09-21 08:10:58.773 INFO  [main] [] c.f.controller.BookingControllerTest - No active profile set, falling back to 1 default profile: "default"
2026-09-21 08:11:00.602 INFO  [background-preinit] [] o.h.validator.internal.util.Version - HV000001: Hibernate Validator 9.1.3.Final
2026-09-21 08:11:05.855 INFO  [main] [] o.s.b.t.m.w.SpringBootMockServletContext - Initializing Spring TestDispatcherServlet ''
2026-09-21 08:11:05.855 INFO  [main] [] o.s.t.w.s.TestDispatcherServlet - Initializing Servlet ''
2026-09-21 08:11:05.861 INFO  [main] [] o.s.t.w.s.TestDispatcherServlet - Completed initialization in 6 ms
2026-09-21 08:11:05.955 INFO  [main] [] c.f.controller.BookingControllerTest - Started BookingControllerTest in 9.401 seconds (process running for 13.97)
2026-09-21 08:11:06.246 INFO  [main] [1a866ac5-b963-4f0d-a912-a188b0b9a89d] c.f.config.RequestLoggingFilter - Incoming request: method=GET uri=/api/bookings/20 correlationId=1a866ac5-b963-4f0d-a912-a188b0b9a89d
2026-09-21 08:11:06.888 INFO  [main] [1a866ac5-b963-4f0d-a912-a188b0b9a89d] c.f.config.RequestLoggingFilter - Completed request: method=GET uri=/api/bookings/20 status=200 duration=642ms correlationId=1a866ac5-b963-4f0d-a912-a188b0b9a89d
2026-09-21 08:11:07.121 INFO  [main] [56f2c94d-7306-4326-bb80-c474945793ad] c.f.config.RequestLoggingFilter - Incoming request: method=POST uri=/api/bookings correlationId=56f2c94d-7306-4326-bb80-c474945793ad
2026-09-21 08:11:07.265 INFO  [main] [56f2c94d-7306-4326-bb80-c474945793ad] c.f.config.RequestLoggingFilter - Completed request: method=POST uri=/api/bookings status=201 duration=144ms correlationId=56f2c94d-7306-4326-bb80-c474945793ad
2026-09-21 08:11:07.327 INFO  [main] [] o.s.t.c.s.AnnotationConfigContextLoaderUtils - Could not detect default configuration classes for test class [com.fabhotels.controller.BookingPaymentControllerTest]: BookingPaymentControllerTest does not declare any static, non-private, non-final, nested classes annotated with @Configuration.
2026-09-21 08:11:07.352 INFO  [main] [] o.s.b.t.c.SpringBootTestContextBootstrapper - Found @SpringBootConfiguration com.fabhotels.FabhotelsBackendApplication for test class com.fabhotels.controller.BookingPaymentControllerTest
2026-09-21 08:11:07.354 INFO  [main] [] o.s.t.c.s.AnnotationConfigContextLoaderUtils - Could not detect default configuration classes for test class [com.fabhotels.controller.BookingPaymentControllerTest]: BookingPaymentControllerTest does not declare any static, non-private, non-final, nested classes annotated with @Configuration.
2026-09-21 08:11:07.377 INFO  [main] [] o.s.b.t.c.SpringBootTestContextBootstrapper - Found @SpringBootConfiguration com.fabhotels.FabhotelsBackendApplication for test class com.fabhotels.controller.BookingPaymentControllerTest
2026-09-21 08:11:07.390 INFO  [main] [] o.s.b.d.r.RestartApplicationListener - Restart disabled due to context in which it is running
2026-09-21 08:11:07.489 INFO  [main] [] c.f.c.BookingPaymentControllerTest - Starting BookingPaymentControllerTest using Java 17.0.20.1 with PID 12372 (started by LENOVO in C:\Users\LENOVO\Downloads\fabhotels-backend\fabhotels-backend)
2026-09-21 08:11:07.491 INFO  [main] [] c.f.c.BookingPaymentControllerTest - No active profile set, falling back to 1 default profile: "default"
2026-09-21 08:11:08.134 INFO  [main] [] o.s.b.t.m.w.SpringBootMockServletContext - Initializing Spring TestDispatcherServlet ''
2026-09-21 08:11:08.134 INFO  [main] [] o.s.t.w.s.TestDispatcherServlet - Initializing Servlet ''
2026-09-21 08:11:08.141 INFO  [main] [] o.s.t.w.s.TestDispatcherServlet - Completed initialization in 7 ms
2026-09-21 08:11:08.156 INFO  [main] [] c.f.c.BookingPaymentControllerTest - Started BookingPaymentControllerTest in 0.766 seconds (process running for 16.171)
2026-09-21 08:11:08.175 INFO  [main] [113cebeb-6a17-4356-8c54-eab620defffd] c.f.config.RequestLoggingFilter - Incoming request: method=GET uri=/api/bookings/10/payment correlationId=113cebeb-6a17-4356-8c54-eab620defffd
2026-09-21 08:11:08.193 INFO  [main] [113cebeb-6a17-4356-8c54-eab620defffd] c.f.config.RequestLoggingFilter - Completed request: method=GET uri=/api/bookings/10/payment status=200 duration=18ms correlationId=113cebeb-6a17-4356-8c54-eab620defffd
2026-09-21 08:11:08.224 INFO  [main] [] o.s.t.c.s.AnnotationConfigContextLoaderUtils - Could not detect default configuration classes for test class [com.fabhotels.controller.CancellationControllerTest]: CancellationControllerTest does not declare any static, non-private, non-final, nested classes annotated with @Configuration.
2026-09-21 08:11:08.248 INFO  [main] [] o.s.b.t.c.SpringBootTestContextBootstrapper - Found @SpringBootConfiguration com.fabhotels.FabhotelsBackendApplication for test class com.fabhotels.controller.CancellationControllerTest
2026-09-21 08:11:08.250 INFO  [main] [] o.s.t.c.s.AnnotationConfigContextLoaderUtils - Could not detect default configuration classes for test class [com.fabhotels.controller.CancellationControllerTest]: CancellationControllerTest does not declare any static, non-private, non-final, nested classes annotated with @Configuration.
2026-09-21 08:11:08.274 INFO  [main] [] o.s.b.t.c.SpringBootTestContextBootstrapper - Found @SpringBootConfiguration com.fabhotels.FabhotelsBackendApplication for test class com.fabhotels.controller.CancellationControllerTest
2026-09-21 08:11:08.284 INFO  [main] [] o.s.b.d.r.RestartApplicationListener - Restart disabled due to context in which it is running
2026-09-21 08:11:08.361 INFO  [main] [] c.f.c.CancellationControllerTest - Starting CancellationControllerTest using Java 17.0.20.1 with PID 12372 (started by LENOVO in C:\Users\LENOVO\Downloads\fabhotels-backend\fabhotels-backend)
2026-09-21 08:11:08.361 INFO  [main] [] c.f.c.CancellationControllerTest - No active profile set, falling back to 1 default profile: "default"
2026-09-21 08:11:09.094 INFO  [main] [] o.s.b.t.m.w.SpringBootMockServletContext - Initializing Spring TestDispatcherServlet ''
2026-09-21 08:11:09.094 INFO  [main] [] o.s.t.w.s.TestDispatcherServlet - Initializing Servlet ''
2026-09-21 08:11:09.094 INFO  [main] [] o.s.t.w.s.TestDispatcherServlet - Completed initialization in 0 ms
2026-09-21 08:11:09.119 INFO  [main] [] c.f.c.CancellationControllerTest - Started CancellationControllerTest in 0.833 seconds (process running for 17.132)
2026-09-21 08:11:09.155 INFO  [main] [6fd32eec-d717-40ec-840e-315491a3f7e1] c.f.config.RequestLoggingFilter - Incoming request: method=POST uri=/api/bookings/101/cancel correlationId=6fd32eec-d717-40ec-840e-315491a3f7e1
2026-09-21 08:11:09.176 INFO  [main] [6fd32eec-d717-40ec-840e-315491a3f7e1] c.f.config.RequestLoggingFilter - Completed request: method=POST uri=/api/bookings/101/cancel status=200 duration=20ms correlationId=6fd32eec-d717-40ec-840e-315491a3f7e1
2026-09-21 08:11:09.223 INFO  [main] [] o.s.t.c.s.AnnotationConfigContextLoaderUtils - Could not detect default configuration classes for test class [com.fabhotels.controller.HotelControllerTest]: HotelControllerTest does not declare any static, non-private, non-final, nested classes annotated with @Configuration.
2026-09-21 08:11:09.250 INFO  [main] [] o.s.b.t.c.SpringBootTestContextBootstrapper - Found @SpringBootConfiguration com.fabhotels.FabhotelsBackendApplication for test class com.fabhotels.controller.HotelControllerTest
2026-09-21 08:11:09.252 INFO  [main] [] o.s.t.c.s.AnnotationConfigContextLoaderUtils - Could not detect default configuration classes for test class [com.fabhotels.controller.HotelControllerTest]: HotelControllerTest does not declare any static, non-private, non-final, nested classes annotated with @Configuration.
2026-09-21 08:11:09.270 INFO  [main] [] o.s.b.t.c.SpringBootTestContextBootstrapper - Found @SpringBootConfiguration com.fabhotels.FabhotelsBackendApplication for test class com.fabhotels.controller.HotelControllerTest
2026-09-21 08:11:09.300 INFO  [main] [] o.s.b.d.r.RestartApplicationListener - Restart disabled due to context in which it is running
2026-09-21 08:11:09.389 INFO  [main] [] c.f.controller.HotelControllerTest - Starting HotelControllerTest using Java 17.0.20.1 with PID 12372 (started by LENOVO in C:\Users\LENOVO\Downloads\fabhotels-backend\fabhotels-backend)
2026-09-21 08:11:09.389 INFO  [main] [] c.f.controller.HotelControllerTest - No active profile set, falling back to 1 default profile: "default"
2026-09-21 08:11:09.912 INFO  [main] [] o.s.b.t.m.w.SpringBootMockServletContext - Initializing Spring TestDispatcherServlet ''
2026-09-21 08:11:09.912 INFO  [main] [] o.s.t.w.s.TestDispatcherServlet - Initializing Servlet ''
2026-09-21 08:11:09.912 INFO  [main] [] o.s.t.w.s.TestDispatcherServlet - Completed initialization in 0 ms
2026-09-21 08:11:09.927 INFO  [main] [] c.f.controller.HotelControllerTest - Started HotelControllerTest in 0.627 seconds (process running for 17.947)
2026-09-21 08:11:09.943 INFO  [main] [5143e8ab-4fd5-40c3-b7ca-8b8edc5caaff] c.f.config.RequestLoggingFilter - Incoming request: method=GET uri=/api/hotels/1 correlationId=5143e8ab-4fd5-40c3-b7ca-8b8edc5caaff
2026-09-21 08:11:09.957 INFO  [main] [5143e8ab-4fd5-40c3-b7ca-8b8edc5caaff] c.f.config.RequestLoggingFilter - Completed request: method=GET uri=/api/hotels/1 status=200 duration=14ms correlationId=5143e8ab-4fd5-40c3-b7ca-8b8edc5caaff
2026-09-21 08:11:09.981 INFO  [main] [20e07683-4ff8-422d-9a89-251535d34fc5] c.f.config.RequestLoggingFilter - Incoming request: method=POST uri=/api/hotels correlationId=20e07683-4ff8-422d-9a89-251535d34fc5
2026-09-21 08:11:10.227 INFO  [main] [20e07683-4ff8-422d-9a89-251535d34fc5] c.f.config.RequestLoggingFilter - Completed request: method=POST uri=/api/hotels status=400 duration=246ms correlationId=20e07683-4ff8-422d-9a89-251535d34fc5
2026-09-21 08:11:10.250 INFO  [main] [cdb472be-f045-40e3-934b-feb216f1d62e] c.f.config.RequestLoggingFilter - Incoming request: method=GET uri=/api/hotels/search correlationId=cdb472be-f045-40e3-934b-feb216f1d62e
2026-09-21 08:11:10.294 INFO  [main] [cdb472be-f045-40e3-934b-feb216f1d62e] c.f.config.RequestLoggingFilter - Completed request: method=GET uri=/api/hotels/search status=200 duration=44ms correlationId=cdb472be-f045-40e3-934b-feb216f1d62e
2026-09-21 08:11:10.320 INFO  [main] [daf4950b-9b45-48af-95df-4ce3674d143b] c.f.config.RequestLoggingFilter - Incoming request: method=POST uri=/api/hotels correlationId=daf4950b-9b45-48af-95df-4ce3674d143b
2026-09-21 08:11:10.327 INFO  [main] [daf4950b-9b45-48af-95df-4ce3674d143b] c.f.config.RequestLoggingFilter - Completed request: method=POST uri=/api/hotels status=201 duration=7ms correlationId=daf4950b-9b45-48af-95df-4ce3674d143b
2026-09-21 08:11:10.352 INFO  [main] [89803e86-b6e5-4154-828a-ad3280a3bcde] c.f.config.RequestLoggingFilter - Incoming request: method=GET uri=/api/hotels correlationId=89803e86-b6e5-4154-828a-ad3280a3bcde
2026-09-21 08:11:10.368 INFO  [main] [89803e86-b6e5-4154-828a-ad3280a3bcde] c.f.config.RequestLoggingFilter - Completed request: method=GET uri=/api/hotels status=200 duration=16ms correlationId=89803e86-b6e5-4154-828a-ad3280a3bcde
2026-09-21 08:11:10.386 INFO  [main] [] o.s.t.c.s.AnnotationConfigContextLoaderUtils - Could not detect default configuration classes for test class [com.fabhotels.controller.PaymentControllerTest]: PaymentControllerTest does not declare any static, non-private, non-final, nested classes annotated with @Configuration.
2026-09-21 08:11:10.402 INFO  [main] [] o.s.b.t.c.SpringBootTestContextBootstrapper - Found @SpringBootConfiguration com.fabhotels.FabhotelsBackendApplication for test class com.fabhotels.controller.PaymentControllerTest
2026-09-21 08:11:10.404 INFO  [main] [] o.s.t.c.s.AnnotationConfigContextLoaderUtils - Could not detect default configuration classes for test class [com.fabhotels.controller.PaymentControllerTest]: PaymentControllerTest does not declare any static, non-private, non-final, nested classes annotated with @Configuration.
2026-09-21 08:11:10.415 INFO  [main] [] o.s.b.t.c.SpringBootTestContextBootstrapper - Found @SpringBootConfiguration com.fabhotels.FabhotelsBackendApplication for test class com.fabhotels.controller.PaymentControllerTest
2026-09-21 08:11:10.424 INFO  [main] [] o.s.b.d.r.RestartApplicationListener - Restart disabled due to context in which it is running
2026-09-21 08:11:10.481 INFO  [main] [] c.f.controller.PaymentControllerTest - Starting PaymentControllerTest using Java 17.0.20.1 with PID 12372 (started by LENOVO in C:\Users\LENOVO\Downloads\fabhotels-backend\fabhotels-backend)
2026-09-21 08:11:10.481 INFO  [main] [] c.f.controller.PaymentControllerTest - No active profile set, falling back to 1 default profile: "default"
2026-09-21 08:11:10.848 INFO  [main] [] o.s.b.t.m.w.SpringBootMockServletContext - Initializing Spring TestDispatcherServlet ''
2026-09-21 08:11:10.848 INFO  [main] [] o.s.t.w.s.TestDispatcherServlet - Initializing Servlet ''
2026-09-21 08:11:10.848 INFO  [main] [] o.s.t.w.s.TestDispatcherServlet - Completed initialization in 0 ms
2026-09-21 08:11:10.866 INFO  [main] [] c.f.controller.PaymentControllerTest - Started PaymentControllerTest in 0.442 seconds (process running for 18.881)
2026-09-21 08:11:10.874 INFO  [main] [202b7404-b852-4376-804c-3b83a7322142] c.f.config.RequestLoggingFilter - Incoming request: method=GET uri=/api/payments/1 correlationId=202b7404-b852-4376-804c-3b83a7322142
2026-09-21 08:11:10.888 INFO  [main] [202b7404-b852-4376-804c-3b83a7322142] c.f.config.RequestLoggingFilter - Completed request: method=GET uri=/api/payments/1 status=200 duration=14ms correlationId=202b7404-b852-4376-804c-3b83a7322142
2026-09-21 08:11:10.905 INFO  [main] [f29b40a8-0e30-4a6a-9c79-ed225d3b33db] c.f.config.RequestLoggingFilter - Incoming request: method=POST uri=/api/payments correlationId=f29b40a8-0e30-4a6a-9c79-ed225d3b33db
2026-09-21 08:11:10.922 INFO  [main] [f29b40a8-0e30-4a6a-9c79-ed225d3b33db] c.f.config.RequestLoggingFilter - Completed request: method=POST uri=/api/payments status=201 duration=17ms correlationId=f29b40a8-0e30-4a6a-9c79-ed225d3b33db
2026-09-21 08:11:10.946 INFO  [main] [] o.s.t.c.s.AnnotationConfigContextLoaderUtils - Could not detect default configuration classes for test class [com.fabhotels.controller.PricingControllerTest]: PricingControllerTest does not declare any static, non-private, non-final, nested classes annotated with @Configuration.
2026-09-21 08:11:10.961 INFO  [main] [] o.s.b.t.c.SpringBootTestContextBootstrapper - Found @SpringBootConfiguration com.fabhotels.FabhotelsBackendApplication for test class com.fabhotels.controller.PricingControllerTest
2026-09-21 08:11:10.964 INFO  [main] [] o.s.t.c.s.AnnotationConfigContextLoaderUtils - Could not detect default configuration classes for test class [com.fabhotels.controller.PricingControllerTest]: PricingControllerTest does not declare any static, non-private, non-final, nested classes annotated with @Configuration.
2026-09-21 08:11:10.972 INFO  [main] [] o.s.b.t.c.SpringBootTestContextBootstrapper - Found @SpringBootConfiguration com.fabhotels.FabhotelsBackendApplication for test class com.fabhotels.controller.PricingControllerTest
2026-09-21 08:11:10.982 INFO  [main] [] o.s.b.d.r.RestartApplicationListener - Restart disabled due to context in which it is running
2026-09-21 08:11:11.029 INFO  [main] [] c.f.controller.PricingControllerTest - Starting PricingControllerTest using Java 17.0.20.1 with PID 12372 (started by LENOVO in C:\Users\LENOVO\Downloads\fabhotels-backend\fabhotels-backend)
2026-09-21 08:11:11.029 INFO  [main] [] c.f.controller.PricingControllerTest - No active profile set, falling back to 1 default profile: "default"
2026-09-21 08:11:11.448 INFO  [main] [] o.s.b.t.m.w.SpringBootMockServletContext - Initializing Spring TestDispatcherServlet ''
2026-09-21 08:11:11.448 INFO  [main] [] o.s.t.w.s.TestDispatcherServlet - Initializing Servlet ''
2026-09-21 08:11:11.453 INFO  [main] [] o.s.t.w.s.TestDispatcherServlet - Completed initialization in 5 ms
2026-09-21 08:11:11.462 INFO  [main] [] c.f.controller.PricingControllerTest - Started PricingControllerTest in 0.48 seconds (process running for 19.478)
2026-09-21 08:11:11.470 INFO  [main] [e3bcbd59-b185-4192-b2a3-fd0f70ef3cb6] c.f.config.RequestLoggingFilter - Incoming request: method=GET uri=/api/rooms/10/pricing correlationId=e3bcbd59-b185-4192-b2a3-fd0f70ef3cb6
2026-09-21 08:11:11.486 INFO  [main] [e3bcbd59-b185-4192-b2a3-fd0f70ef3cb6] c.f.config.RequestLoggingFilter - Completed request: method=GET uri=/api/rooms/10/pricing status=200 duration=16ms correlationId=e3bcbd59-b185-4192-b2a3-fd0f70ef3cb6
2026-09-21 08:11:11.523 INFO  [main] [1bf8da35-70a4-4d5b-913c-c80d59d6325d] c.f.config.RequestLoggingFilter - Incoming request: method=GET uri=/api/rooms/10/pricing/check correlationId=1bf8da35-70a4-4d5b-913c-c80d59d6325d
2026-09-21 08:11:11.539 INFO  [main] [1bf8da35-70a4-4d5b-913c-c80d59d6325d] c.f.config.RequestLoggingFilter - Completed request: method=GET uri=/api/rooms/10/pricing/check status=200 duration=16ms correlationId=1bf8da35-70a4-4d5b-913c-c80d59d6325d
2026-09-21 08:11:11.564 INFO  [main] [4d70be74-f068-43bd-a8d7-d2487bd70f27] c.f.config.RequestLoggingFilter - Incoming request: method=POST uri=/api/rooms/10/pricing correlationId=4d70be74-f068-43bd-a8d7-d2487bd70f27
2026-09-21 08:11:11.567 INFO  [main] [4d70be74-f068-43bd-a8d7-d2487bd70f27] c.f.config.RequestLoggingFilter - Completed request: method=POST uri=/api/rooms/10/pricing status=201 duration=3ms correlationId=4d70be74-f068-43bd-a8d7-d2487bd70f27
2026-09-21 08:11:11.594 INFO  [main] [] o.s.t.c.s.AnnotationConfigContextLoaderUtils - Could not detect default configuration classes for test class [com.fabhotels.controller.RoomAvailabilityControllerTest]: RoomAvailabilityControllerTest does not declare any static, non-private, non-final, nested classes annotated with @Configuration.
2026-09-21 08:11:11.606 INFO  [main] [] o.s.b.t.c.SpringBootTestContextBootstrapper - Found @SpringBootConfiguration com.fabhotels.FabhotelsBackendApplication for test class com.fabhotels.controller.RoomAvailabilityControllerTest
2026-09-21 08:11:11.608 INFO  [main] [] o.s.t.c.s.AnnotationConfigContextLoaderUtils - Could not detect default configuration classes for test class [com.fabhotels.controller.RoomAvailabilityControllerTest]: RoomAvailabilityControllerTest does not declare any static, non-private, non-final, nested classes annotated with @Configuration.
2026-09-21 08:11:11.620 INFO  [main] [] o.s.b.t.c.SpringBootTestContextBootstrapper - Found @SpringBootConfiguration com.fabhotels.FabhotelsBackendApplication for test class com.fabhotels.controller.RoomAvailabilityControllerTest
2026-09-21 08:11:11.629 INFO  [main] [] o.s.b.d.r.RestartApplicationListener - Restart disabled due to context in which it is running
2026-09-21 08:11:11.663 INFO  [main] [] c.f.c.RoomAvailabilityControllerTest - Starting RoomAvailabilityControllerTest using Java 17.0.20.1 with PID 12372 (started by LENOVO in C:\Users\LENOVO\Downloads\fabhotels-backend\fabhotels-backend)
2026-09-21 08:11:11.663 INFO  [main] [] c.f.c.RoomAvailabilityControllerTest - No active profile set, falling back to 1 default profile: "default"
2026-09-21 08:11:12.070 INFO  [main] [] o.s.b.t.m.w.SpringBootMockServletContext - Initializing Spring TestDispatcherServlet ''
2026-09-21 08:11:12.070 INFO  [main] [] o.s.t.w.s.TestDispatcherServlet - Initializing Servlet ''
2026-09-21 08:11:12.070 INFO  [main] [] o.s.t.w.s.TestDispatcherServlet - Completed initialization in 0 ms
2026-09-21 08:11:12.082 INFO  [main] [] c.f.c.RoomAvailabilityControllerTest - Started RoomAvailabilityControllerTest in 0.455 seconds (process running for 20.099)
2026-09-21 08:11:12.095 INFO  [main] [341e8ce8-0016-435b-9b82-7a1b38d410bf] c.f.config.RequestLoggingFilter - Incoming request: method=GET uri=/api/rooms/10/availability/check correlationId=341e8ce8-0016-435b-9b82-7a1b38d410bf
2026-09-21 08:11:12.102 INFO  [main] [341e8ce8-0016-435b-9b82-7a1b38d410bf] c.f.config.RequestLoggingFilter - Completed request: method=GET uri=/api/rooms/10/availability/check status=200 duration=7ms correlationId=341e8ce8-0016-435b-9b82-7a1b38d410bf
2026-09-21 08:11:12.123 INFO  [main] [37ced05b-6a2c-4c8a-875b-3021a4171bea] c.f.config.RequestLoggingFilter - Incoming request: method=GET uri=/api/rooms/10/availability/range correlationId=37ced05b-6a2c-4c8a-875b-3021a4171bea
2026-09-21 08:11:12.133 INFO  [main] [37ced05b-6a2c-4c8a-875b-3021a4171bea] c.f.config.RequestLoggingFilter - Completed request: method=GET uri=/api/rooms/10/availability/range status=200 duration=10ms correlationId=37ced05b-6a2c-4c8a-875b-3021a4171bea
2026-09-21 08:11:12.152 INFO  [main] [fd0f52d9-dbbc-4c34-83c2-e30b4ae5f549] c.f.config.RequestLoggingFilter - Incoming request: method=POST uri=/api/rooms/10/availability correlationId=fd0f52d9-dbbc-4c34-83c2-e30b4ae5f549
2026-09-21 08:11:12.171 INFO  [main] [fd0f52d9-dbbc-4c34-83c2-e30b4ae5f549] c.f.config.RequestLoggingFilter - Completed request: method=POST uri=/api/rooms/10/availability status=201 duration=19ms correlationId=fd0f52d9-dbbc-4c34-83c2-e30b4ae5f549
2026-09-21 08:11:12.181 INFO  [main] [5977e613-f1e8-4f2b-8039-6a6898b55c6e] c.f.config.RequestLoggingFilter - Incoming request: method=POST uri=/api/rooms/10/availability correlationId=5977e613-f1e8-4f2b-8039-6a6898b55c6e
2026-09-21 08:11:12.193 INFO  [main] [5977e613-f1e8-4f2b-8039-6a6898b55c6e] c.f.config.RequestLoggingFilter - Completed request: method=POST uri=/api/rooms/10/availability status=400 duration=12ms correlationId=5977e613-f1e8-4f2b-8039-6a6898b55c6e
2026-09-21 08:11:12.211 INFO  [main] [b9fd6854-3c36-4b0b-9865-2043c073d8d8] c.f.config.RequestLoggingFilter - Incoming request: method=GET uri=/api/rooms/10/availability correlationId=b9fd6854-3c36-4b0b-9865-2043c073d8d8
2026-09-21 08:11:12.213 INFO  [main] [b9fd6854-3c36-4b0b-9865-2043c073d8d8] c.f.config.RequestLoggingFilter - Completed request: method=GET uri=/api/rooms/10/availability status=200 duration=2ms correlationId=b9fd6854-3c36-4b0b-9865-2043c073d8d8
2026-09-21 08:11:12.238 INFO  [main] [] o.s.t.c.s.AnnotationConfigContextLoaderUtils - Could not detect default configuration classes for test class [com.fabhotels.controller.RoomControllerTest]: RoomControllerTest does not declare any static, non-private, non-final, nested classes annotated with @Configuration.
2026-09-21 08:11:12.255 INFO  [main] [] o.s.b.t.c.SpringBootTestContextBootstrapper - Found @SpringBootConfiguration com.fabhotels.FabhotelsBackendApplication for test class com.fabhotels.controller.RoomControllerTest
2026-09-21 08:11:12.255 INFO  [main] [] o.s.t.c.s.AnnotationConfigContextLoaderUtils - Could not detect default configuration classes for test class [com.fabhotels.controller.RoomControllerTest]: RoomControllerTest does not declare any static, non-private, non-final, nested classes annotated with @Configuration.
2026-09-21 08:11:12.293 INFO  [main] [] o.s.b.t.c.SpringBootTestContextBootstrapper - Found @SpringBootConfiguration com.fabhotels.FabhotelsBackendApplication for test class com.fabhotels.controller.RoomControllerTest
2026-09-21 08:11:12.299 INFO  [main] [] o.s.b.d.r.RestartApplicationListener - Restart disabled due to context in which it is running
2026-09-21 08:11:12.344 INFO  [main] [] c.f.controller.RoomControllerTest - Starting RoomControllerTest using Java 17.0.20.1 with PID 12372 (started by LENOVO in C:\Users\LENOVO\Downloads\fabhotels-backend\fabhotels-backend)
2026-09-21 08:11:12.344 INFO  [main] [] c.f.controller.RoomControllerTest - No active profile set, falling back to 1 default profile: "default"
2026-09-21 08:11:12.723 INFO  [main] [] o.s.b.t.m.w.SpringBootMockServletContext - Initializing Spring TestDispatcherServlet ''
2026-09-21 08:11:12.723 INFO  [main] [] o.s.t.w.s.TestDispatcherServlet - Initializing Servlet ''
2026-09-21 08:11:12.723 INFO  [main] [] o.s.t.w.s.TestDispatcherServlet - Completed initialization in 0 ms
2026-09-21 08:11:12.739 INFO  [main] [] c.f.controller.RoomControllerTest - Started RoomControllerTest in 0.44 seconds (process running for 20.754)
2026-09-21 08:11:12.739 INFO  [main] [3c6bb38a-056a-4368-b152-06e6f3cf7724] c.f.config.RequestLoggingFilter - Incoming request: method=GET uri=/api/10/bookings correlationId=3c6bb38a-056a-4368-b152-06e6f3cf7724
2026-09-21 08:11:12.754 INFO  [main] [3c6bb38a-056a-4368-b152-06e6f3cf7724] c.f.config.RequestLoggingFilter - Completed request: method=GET uri=/api/10/bookings status=200 duration=15ms correlationId=3c6bb38a-056a-4368-b152-06e6f3cf7724
2026-09-21 08:11:12.775 INFO  [main] [b83a3441-19f2-454e-be95-df4c6591fa1a] c.f.config.RequestLoggingFilter - Incoming request: method=GET uri=/api/rooms/10 correlationId=b83a3441-19f2-454e-be95-df4c6591fa1a
2026-09-21 08:11:12.781 INFO  [main] [b83a3441-19f2-454e-be95-df4c6591fa1a] c.f.config.RequestLoggingFilter - Completed request: method=GET uri=/api/rooms/10 status=200 duration=6ms correlationId=b83a3441-19f2-454e-be95-df4c6591fa1a
2026-09-21 08:11:12.793 INFO  [main] [9951b9b0-8391-44df-8e04-f0a8ea085b46] c.f.config.RequestLoggingFilter - Incoming request: method=GET uri=/api/hotels/1/rooms correlationId=9951b9b0-8391-44df-8e04-f0a8ea085b46
2026-09-21 08:11:12.795 INFO  [main] [9951b9b0-8391-44df-8e04-f0a8ea085b46] c.f.config.RequestLoggingFilter - Completed request: method=GET uri=/api/hotels/1/rooms status=200 duration=2ms correlationId=9951b9b0-8391-44df-8e04-f0a8ea085b46
2026-09-21 08:11:12.817 INFO  [main] [096615a6-f02a-44c7-9316-d518f1c34040] c.f.config.RequestLoggingFilter - Incoming request: method=POST uri=/api/hotels/1/rooms correlationId=096615a6-f02a-44c7-9316-d518f1c34040
2026-09-21 08:11:12.832 INFO  [main] [096615a6-f02a-44c7-9316-d518f1c34040] c.f.config.RequestLoggingFilter - Completed request: method=POST uri=/api/hotels/1/rooms status=201 duration=15ms correlationId=096615a6-f02a-44c7-9316-d518f1c34040
2026-09-21 08:11:12.860 INFO  [main] [c9f15813-f0a0-415c-b025-6a3111fc0144] c.f.config.RequestLoggingFilter - Incoming request: method=POST uri=/api/hotels/1/rooms correlationId=c9f15813-f0a0-415c-b025-6a3111fc0144
2026-09-21 08:11:12.870 INFO  [main] [c9f15813-f0a0-415c-b025-6a3111fc0144] c.f.config.RequestLoggingFilter - Completed request: method=POST uri=/api/hotels/1/rooms status=400 duration=10ms correlationId=c9f15813-f0a0-415c-b025-6a3111fc0144
2026-09-21 08:11:12.887 WARN  [main] [] c.f.exception.GlobalExceptionHandler - Request failed: status=400 correlationId=null path=/api/payments message=Payment amount must be greater than 0
2026-09-21 08:11:12.906 WARN  [main] [] c.f.exception.GlobalExceptionHandler - Request failed: status=409 correlationId=null path=/api/payments message=Payment already exists for booking id: 101
2026-09-21 08:11:12.911 WARN  [main] [] c.f.exception.GlobalExceptionHandler - Request failed: status=404 correlationId=null path=/api/bookings/101 message=Booking not found with id: 101
2026-09-21 08:11:12.920 INFO  [main] [] o.s.t.c.s.AnnotationConfigContextLoaderUtils - Could not detect default configuration classes for test class [com.fabhotels.FabhotelsBackendApplicationTests]: FabhotelsBackendApplicationTests does not declare any static, non-private, non-final, nested classes annotated with @Configuration.
2026-09-21 08:11:12.935 INFO  [main] [] o.s.b.t.c.SpringBootTestContextBootstrapper - Found @SpringBootConfiguration com.fabhotels.FabhotelsBackendApplication for test class com.fabhotels.FabhotelsBackendApplicationTests
2026-09-21 08:11:12.946 INFO  [main] [] o.s.t.c.s.AnnotationConfigContextLoaderUtils - Could not detect default configuration classes for test class [com.fabhotels.FabhotelsBackendApplicationTests]: FabhotelsBackendApplicationTests does not declare any static, non-private, non-final, nested classes annotated with @Configuration.
2026-09-21 08:11:12.952 INFO  [main] [] o.s.b.t.c.SpringBootTestContextBootstrapper - Found @SpringBootConfiguration com.fabhotels.FabhotelsBackendApplication for test class com.fabhotels.FabhotelsBackendApplicationTests
2026-09-21 08:11:12.963 INFO  [main] [] o.s.b.d.r.RestartApplicationListener - Restart disabled due to context in which it is running
2026-09-21 08:11:22.492 INFO  [main] [] c.f.repository.BookingRepositoryTest - Starting BookingRepositoryTest using Java 17.0.20.1 with PID 12372 (started by LENOVO in C:\Users\LENOVO\Downloads\fabhotels-backend\fabhotels-backend)
2026-09-21 08:11:22.492 INFO  [main] [] c.f.repository.BookingRepositoryTest - No active profile set, falling back to 1 default profile: "default"
2026-09-21 08:11:22.635 INFO  [main] [] o.s.d.r.c.RepositoryConfigurationDelegate - Bootstrapping Spring Data JPA repositories in DEFAULT mode.
2026-09-21 08:11:22.682 INFO  [main] [] o.s.d.r.c.RepositoryConfigurationDelegate - Finished Spring Data repository scanning in 44 ms. Found 7 JPA repository interfaces.
2026-09-21 08:11:22.713 INFO  [main] [] o.s.b.j.t.a.TestDatabaseAutoConfiguration$EmbeddedDataSourceBeanFactoryPostProcessor - Replacing 'dataSource' DataSource bean with embedded version
2026-09-21 08:11:22.745 INFO  [main] [] o.s.j.d.e.EmbeddedDatabaseFactory - Starting embedded database: url='jdbc:h2:mem:f9209786-2880-4b0f-9491-cf988ec68c36;DB_CLOSE_DELAY=-1;DB_CLOSE_ON_EXIT=false', username='sa'
2026-09-21 08:11:22.783 INFO  [main] [] org.hibernate.orm.jpa - HHH008540: Processing PersistenceUnitInfo [name: default]
2026-09-21 08:11:22.819 INFO  [main] [] o.s.o.j.p.SpringPersistenceUnitInfo - No LoadTimeWeaver setup: ignoring JPA class transformer
2026-09-21 08:11:22.878 INFO  [main] [] o.hibernate.orm.connections.pooling - HHH10001005: Database info:
	Database JDBC URL [jdbc:h2:mem:f9209786-2880-4b0f-9491-cf988ec68c36]
	Database driver: H2 JDBC Driver
	Database dialect: H2Dialect
	Database version: 2.4.240
	Default catalog/schema: F9209786-2880-4B0F-9491-CF988EC68C36/PUBLIC
	Autocommit mode: undefined/unknown
	Isolation level: READ_COMMITTED [default READ_COMMITTED]
	JDBC fetch size: 100
	Pool: DataSourceConnectionProvider
	Minimum pool size: undefined/unknown
	Maximum pool size: undefined/unknown
2026-09-21 08:11:23.055 INFO  [main] [] org.hibernate.orm.core - HHH000489: No JTA platform available (set 'hibernate.transaction.jta.platform' to enable JTA platform integration)
2026-09-21 08:11:23.095 INFO  [main] [] o.s.o.j.LocalContainerEntityManagerFactoryBean - Initialized JPA EntityManagerFactory for persistence unit 'default'
2026-09-21 08:11:23.206 INFO  [main] [] c.f.repository.BookingRepositoryTest - Started BookingRepositoryTest in 0.76 seconds (process running for 31.227)
2026-09-21 08:11:23.371 INFO  [main] [] o.s.t.c.s.AnnotationConfigContextLoaderUtils - Could not detect default configuration classes for test class [com.fabhotels.repository.HotelRepositoryTest]: HotelRepositoryTest does not declare any static, non-private, non-final, nested classes annotated with @Configuration.
2026-09-21 08:11:23.392 INFO  [main] [] o.s.b.t.c.SpringBootTestContextBootstrapper - Found @SpringBootConfiguration com.fabhotels.FabhotelsBackendApplication for test class com.fabhotels.repository.HotelRepositoryTest
2026-09-21 08:11:23.393 INFO  [main] [] o.s.t.c.s.AnnotationConfigContextLoaderUtils - Could not detect default configuration classes for test class [com.fabhotels.repository.HotelRepositoryTest]: HotelRepositoryTest does not declare any static, non-private, non-final, nested classes annotated with @Configuration.
2026-09-21 08:11:23.409 INFO  [main] [] o.s.b.t.c.SpringBootTestContextBootstrapper - Found @SpringBootConfiguration com.fabhotels.FabhotelsBackendApplication for test class com.fabhotels.repository.HotelRepositoryTest
2026-09-21 08:11:23.615 INFO  [main] [] o.s.t.c.s.AnnotationConfigContextLoaderUtils - Could not detect default configuration classes for test class [com.fabhotels.repository.PricingRepositoryTest]: PricingRepositoryTest does not declare any static, non-private, non-final, nested classes annotated with @Configuration.
2026-09-21 08:11:23.646 INFO  [main] [] o.s.b.t.c.SpringBootTestContextBootstrapper - Found @SpringBootConfiguration com.fabhotels.FabhotelsBackendApplication for test class com.fabhotels.repository.PricingRepositoryTest
2026-09-21 08:11:23.648 INFO  [main] [] o.s.t.c.s.AnnotationConfigContextLoaderUtils - Could not detect default configuration classes for test class [com.fabhotels.repository.PricingRepositoryTest]: PricingRepositoryTest does not declare any static, non-private, non-final, nested classes annotated with @Configuration.
2026-09-21 08:11:23.662 INFO  [main] [] o.s.b.t.c.SpringBootTestContextBootstrapper - Found @SpringBootConfiguration com.fabhotels.FabhotelsBackendApplication for test class com.fabhotels.repository.PricingRepositoryTest
2026-09-21 08:11:23.797 INFO  [main] [] o.s.t.c.s.AnnotationConfigContextLoaderUtils - Could not detect default configuration classes for test class [com.fabhotels.repository.RoomAvailabilityRepositoryTest]: RoomAvailabilityRepositoryTest does not declare any static, non-private, non-final, nested classes annotated with @Configuration.
2026-09-21 08:11:23.810 INFO  [main] [] o.s.b.t.c.SpringBootTestContextBootstrapper - Found @SpringBootConfiguration com.fabhotels.FabhotelsBackendApplication for test class com.fabhotels.repository.RoomAvailabilityRepositoryTest
2026-09-21 08:11:23.810 INFO  [main] [] o.s.t.c.s.AnnotationConfigContextLoaderUtils - Could not detect default configuration classes for test class [com.fabhotels.repository.RoomAvailabilityRepositoryTest]: RoomAvailabilityRepositoryTest does not declare any static, non-private, non-final, nested classes annotated with @Configuration.
2026-09-21 08:11:23.816 INFO  [main] [] o.s.b.t.c.SpringBootTestContextBootstrapper - Found @SpringBootConfiguration com.fabhotels.FabhotelsBackendApplication for test class com.fabhotels.repository.RoomAvailabilityRepositoryTest
2026-09-21 08:11:24.414 INFO  [main] [] c.f.service.impl.BookingServiceImpl - Creating booking: roomId=10, checkIn=2035-01-10, checkOut=2035-01-13, guests=2
2026-09-21 08:11:24.438 INFO  [main] [] c.f.service.impl.BookingServiceImpl - Creating booking: roomId=10, checkIn=2035-01-10, checkOut=2035-01-13, guests=2
2026-09-21 08:11:24.438 INFO  [main] [] c.f.service.impl.BookingServiceImpl - Booking created successfully: bookingId=102, roomId=10, totalAmount=6000.00
2026-09-21 08:11:24.438 INFO  [main] [] c.f.service.impl.BookingServiceImpl - Creating booking: roomId=10, checkIn=2035-01-10, checkOut=2035-01-13, guests=2
2026-09-21 08:11:24.438 INFO  [main] [] c.f.service.impl.BookingServiceImpl - Booking created successfully: bookingId=101, roomId=10, totalAmount=6000.00
2026-09-21 08:11:24.438 INFO  [main] [] c.f.service.impl.BookingServiceImpl - Creating booking: roomId=10, checkIn=2035-01-10, checkOut=2035-01-13, guests=2
2026-09-21 08:11:24.453 INFO  [main] [] c.f.service.impl.BookingServiceImpl - Booking created successfully: bookingId=103, roomId=10, totalAmount=6000.00
2026-09-21 08:11:24.461 INFO  [main] [] c.f.service.impl.BookingServiceImpl - Creating booking: roomId=10, checkIn=2035-01-10, checkOut=2035-01-13, guests=2
2026-09-21 08:11:24.469 INFO  [main] [] c.f.service.impl.BookingServiceImpl - Creating booking: roomId=10, checkIn=2035-01-10, checkOut=2035-01-13, guests=2
2026-09-21 08:11:24.475 INFO  [main] [] c.f.service.impl.BookingServiceImpl - Creating booking: roomId=10, checkIn=2035-01-10, checkOut=2035-01-13, guests=2
2026-09-21 08:11:24.482 INFO  [main] [] c.f.service.impl.BookingServiceImpl - Creating booking: roomId=10, checkIn=2035-01-10, checkOut=2035-01-13, guests=2
2026-09-21 08:11:24.585 INFO  [main] [] c.f.s.impl.CancellationServiceImpl - Processing booking cancellation: bookingId=101
2026-09-21 08:11:24.585 INFO  [main] [] c.f.s.impl.CancellationServiceImpl - Booking cancelled successfully: bookingId=101, refundAmount=0
2026-09-21 08:11:24.603 INFO  [main] [] c.f.s.impl.CancellationServiceImpl - Processing booking cancellation: bookingId=101
2026-09-21 08:11:24.607 INFO  [main] [] c.f.s.impl.CancellationServiceImpl - Processing booking cancellation: bookingId=101
2026-09-21 08:11:24.618 INFO  [main] [] c.f.s.impl.CancellationServiceImpl - Processing booking cancellation: bookingId=101
2026-09-21 08:11:24.620 INFO  [main] [] c.f.s.impl.CancellationServiceImpl - Processing booking cancellation: bookingId=101
2026-09-21 08:11:24.629 INFO  [main] [] c.f.s.impl.CancellationServiceImpl - Processing booking cancellation: bookingId=101
2026-09-21 08:11:24.629 INFO  [main] [] c.f.s.impl.CancellationServiceImpl - Booking cancelled successfully: bookingId=101, refundAmount=0
2026-09-21 08:11:24.633 INFO  [main] [] c.f.s.impl.CancellationServiceImpl - Processing booking cancellation: bookingId=101
2026-09-21 08:11:24.636 INFO  [main] [] c.f.s.impl.CancellationServiceImpl - Booking cancelled successfully: bookingId=101, refundAmount=6000.00
2026-09-21 08:11:24.640 INFO  [main] [] c.f.s.impl.CancellationServiceImpl - Processing booking cancellation: bookingId=101
2026-09-21 08:11:24.642 INFO  [main] [] c.f.s.impl.CancellationServiceImpl - Booking cancelled successfully: bookingId=101, refundAmount=3000.0000
2026-09-21 08:11:24.647 INFO  [main] [] c.f.s.impl.CancellationServiceImpl - Processing booking cancellation: bookingId=101
2026-09-21 08:11:24.654 INFO  [main] [] c.f.s.impl.CancellationServiceImpl - Processing booking cancellation: bookingId=101
2026-09-21 08:11:24.656 INFO  [main] [] c.f.s.impl.CancellationServiceImpl - Booking cancelled successfully: bookingId=101, refundAmount=0
2026-09-21 08:11:24.665 INFO  [main] [] c.f.s.impl.CancellationServiceImpl - Processing booking cancellation: bookingId=101
2026-09-21 08:11:24.665 INFO  [main] [] c.f.s.impl.CancellationServiceImpl - Booking cancelled successfully: bookingId=101, refundAmount=0
2026-09-21 08:11:24.871 INFO  [main] [] c.f.service.impl.PaymentServiceImpl - Processing payment: bookingId=101, paymentMethod=UPI, amount=6000.00
2026-09-21 08:11:24.871 INFO  [main] [] c.f.service.impl.PaymentServiceImpl - Payment successful: paymentId=501, bookingId=101, amount=6000.00, method=UPI
2026-09-21 08:11:24.884 INFO  [main] [] c.f.service.impl.PaymentServiceImpl - Processing payment: bookingId=101, paymentMethod=UPI, amount=6000.00
2026-09-21 08:11:24.910 INFO  [main] [] c.f.service.impl.PaymentServiceImpl - Processing payment: bookingId=101, paymentMethod=UPI, amount=5000.00
2026-09-21 08:11:24.912 INFO  [main] [] c.f.service.impl.PaymentServiceImpl - Processing payment: bookingId=101, paymentMethod=UPI, amount=6000.00
2026-09-21 08:11:24.924 INFO  [main] [] c.f.service.impl.PaymentServiceImpl - Processing payment: bookingId=101, paymentMethod=UPI, amount=6000.00
2026-09-21 08:11:25.103 INFO  [main] [] o.s.t.c.s.AnnotationConfigContextLoaderUtils - Could not detect default configuration classes for test class [com.fabhotels.SwaggerOpenApiTest]: SwaggerOpenApiTest does not declare any static, non-private, non-final, nested classes annotated with @Configuration.
2026-09-21 08:11:25.107 INFO  [main] [] o.s.b.t.c.SpringBootTestContextBootstrapper - Found @SpringBootConfiguration com.fabhotels.FabhotelsBackendApplication for test class com.fabhotels.SwaggerOpenApiTest
2026-09-21 08:11:25.109 INFO  [main] [] o.s.t.c.s.AnnotationConfigContextLoaderUtils - Could not detect default configuration classes for test class [com.fabhotels.SwaggerOpenApiTest]: SwaggerOpenApiTest does not declare any static, non-private, non-final, nested classes annotated with @Configuration.
2026-09-21 08:11:25.111 INFO  [main] [] o.s.b.t.c.SpringBootTestContextBootstrapper - Found @SpringBootConfiguration com.fabhotels.FabhotelsBackendApplication for test class com.fabhotels.SwaggerOpenApiTest
2026-09-21 08:11:25.124 INFO  [main] [] o.s.b.d.r.RestartApplicationListener - Restart disabled due to context in which it is running
